[    1609ms] [WARNING] Manifest: property 'start_url' ignored, should be same origin as document. @ http://localhost:3111/manifest.webmanifest:0
[    1609ms] [WARNING] Manifest: property 'id' ignored, should be same origin as document. @ http://localhost:3111/manifest.webmanifest:0
[    1609ms] [WARNING] Manifest: property 'scope' ignored. Start url should be within scope of scope URL. @ http://localhost:3111/manifest.webmanifest:0
[    1731ms] [INFO] %cDownload the React DevTools for a better development experience: https://react.dev/link/react-devtools font-weight:bold @ webpack-internal:///(app-pages-browser)/./node_modules/next/dist/compiled/react-dom/cjs/react-dom-client.development.js:25630
[   14244ms] [WARNING] Manifest: property 'start_url' ignored, should be same origin as document. @ http://localhost:3111/manifest.webmanifest:0
[   14244ms] [WARNING] Manifest: property 'id' ignored, should be same origin as document. @ http://localhost:3111/manifest.webmanifest:0
[   14244ms] [WARNING] Manifest: property 'scope' ignored. Start url should be within scope of scope URL. @ http://localhost:3111/manifest.webmanifest:0
[   16977ms] [WARNING] Manifest: property 'start_url' ignored, should be same origin as document. @ http://localhost:3111/manifest.webmanifest:0
[   16977ms] [WARNING] Manifest: property 'id' ignored, should be same origin as document. @ http://localhost:3111/manifest.webmanifest:0
[   16977ms] [WARNING] Manifest: property 'scope' ignored. Start url should be within scope of scope URL. @ http://localhost:3111/manifest.webmanifest:0
[   36407ms] [WARNING] Manifest: property 'start_url' ignored, should be same origin as document. @ http://localhost:3111/manifest.webmanifest:0
[   36407ms] [WARNING] Manifest: property 'id' ignored, should be same origin as document. @ http://localhost:3111/manifest.webmanifest:0
[   36407ms] [WARNING] Manifest: property 'scope' ignored. Start url should be within scope of scope URL. @ http://localhost:3111/manifest.webmanifest:0
[   63993ms] [LOG] [Fast Refresh] rebuilding @ webpack-internal:///(app-pages-browser)/./node_modules/next/dist/client/dev/hot-reloader/app/hot-reloader-app.js:196
[   64148ms] [LOG] [Fast Refresh] done in 155ms @ webpack-internal:///(app-pages-browser)/./node_modules/next/dist/client/dev/report-hmr-latency.js:13
[   64390ms] [ERROR] Failed to load resource: net::ERR_CONNECTION_REFUSED @ http://localhost:3000/login?error=MissingCSRF:0
[   64521ms] [LOG] [Fast Refresh] rebuilding @ webpack-internal:///(app-pages-browser)/./node_modules/next/dist/client/dev/hot-reloader/app/hot-reloader-app.js:196
[   64739ms] [LOG] [Fast Refresh] done in 217ms @ webpack-internal:///(app-pages-browser)/./node_modules/next/dist/client/dev/report-hmr-latency.js:13
[   64987ms] [LOG] [Fast Refresh] rebuilding @ webpack-internal:///(app-pages-browser)/./node_modules/next/dist/client/dev/hot-reloader/app/hot-reloader-app.js:196
[   65134ms] [LOG] [Fast Refresh] done in 146ms @ webpack-internal:///(app-pages-browser)/./node_modules/next/dist/client/dev/report-hmr-latency.js:13
[   65346ms] [WARNING] Manifest: property 'start_url' ignored, should be same origin as document. @ http://localhost:3111/manifest.webmanifest:0
[   65346ms] [WARNING] Manifest: property 'id' ignored, should be same origin as document. @ http://localhost:3111/manifest.webmanifest:0
[   65346ms] [WARNING] Manifest: property 'scope' ignored. Start url should be within scope of scope URL. @ http://localhost:3111/manifest.webmanifest:0
[   65498ms] [INFO] %cDownload the React DevTools for a better development experience: https://react.dev/link/react-devtools font-weight:bold @ webpack-internal:///(app-pages-browser)/./node_modules/next/dist/compiled/react-dom/cjs/react-dom-client.development.js:25630
