[     252ms] [WARNING] Manifest: property 'start_url' ignored, should be same origin as document. @ http://localhost:3111/manifest.webmanifest:0
[     252ms] [WARNING] Manifest: property 'id' ignored, should be same origin as document. @ http://localhost:3111/manifest.webmanifest:0
[     252ms] [WARNING] Manifest: property 'scope' ignored. Start url should be within scope of scope URL. @ http://localhost:3111/manifest.webmanifest:0
[     407ms] [INFO] %cDownload the React DevTools for a better development experience: https://react.dev/link/react-devtools font-weight:bold @ webpack-internal:///(app-pages-browser)/./node_modules/next/dist/compiled/react-dom/cjs/react-dom-client.development.js:25630
[  527826ms] [LOG] [Fast Refresh] rebuilding @ webpack-internal:///(app-pages-browser)/./node_modules/next/dist/client/dev/hot-reloader/app/hot-reloader-app.js:196
[  528007ms] [LOG] [Fast Refresh] done in 181ms @ webpack-internal:///(app-pages-browser)/./node_modules/next/dist/client/dev/report-hmr-latency.js:13
[  528237ms] [WARNING] Manifest: property 'start_url' ignored, should be same origin as document. @ http://localhost:3111/manifest.webmanifest:0
[  528237ms] [WARNING] Manifest: property 'id' ignored, should be same origin as document. @ http://localhost:3111/manifest.webmanifest:0
[  528237ms] [WARNING] Manifest: property 'scope' ignored. Start url should be within scope of scope URL. @ http://localhost:3111/manifest.webmanifest:0
[  545938ms] [LOG] [Fast Refresh] rebuilding @ webpack-internal:///(app-pages-browser)/./node_modules/next/dist/client/dev/hot-reloader/app/hot-reloader-app.js:196
[  546047ms] [LOG] [Fast Refresh] done in 108ms @ webpack-internal:///(app-pages-browser)/./node_modules/next/dist/client/dev/report-hmr-latency.js:13
[  546151ms] [WARNING] Manifest: property 'start_url' ignored, should be same origin as document. @ http://localhost:3111/manifest.webmanifest:0
[  546151ms] [WARNING] Manifest: property 'id' ignored, should be same origin as document. @ http://localhost:3111/manifest.webmanifest:0
[  546151ms] [WARNING] Manifest: property 'scope' ignored. Start url should be within scope of scope URL. @ http://localhost:3111/manifest.webmanifest:0
[  599625ms] [LOG] [Fast Refresh] rebuilding @ webpack-internal:///(app-pages-browser)/./node_modules/next/dist/client/dev/hot-reloader/app/hot-reloader-app.js:196
[  599734ms] [LOG] [Fast Refresh] done in 108ms @ webpack-internal:///(app-pages-browser)/./node_modules/next/dist/client/dev/report-hmr-latency.js:13
[  599833ms] [WARNING] Manifest: property 'start_url' ignored, should be same origin as document. @ http://localhost:3111/manifest.webmanifest:0
[  599833ms] [WARNING] Manifest: property 'id' ignored, should be same origin as document. @ http://localhost:3111/manifest.webmanifest:0
[  599833ms] [WARNING] Manifest: property 'scope' ignored. Start url should be within scope of scope URL. @ http://localhost:3111/manifest.webmanifest:0
[ 3051796ms] [LOG] [Fast Refresh] rebuilding @ webpack-internal:///(app-pages-browser)/./node_modules/next/dist/client/dev/hot-reloader/app/hot-reloader-app.js:196
[ 3052347ms] [LOG] [Fast Refresh] done in 552ms @ webpack-internal:///(app-pages-browser)/./node_modules/next/dist/client/dev/report-hmr-latency.js:13
[ 3052865ms] [WARNING] Manifest: property 'start_url' ignored, should be same origin as document. @ http://localhost:3111/manifest.webmanifest:0
[ 3052865ms] [WARNING] Manifest: property 'id' ignored, should be same origin as document. @ http://localhost:3111/manifest.webmanifest:0
[ 3052865ms] [WARNING] Manifest: property 'scope' ignored. Start url should be within scope of scope URL. @ http://localhost:3111/manifest.webmanifest:0
[ 3062413ms] [LOG] [Fast Refresh] rebuilding @ webpack-internal:///(app-pages-browser)/./node_modules/next/dist/client/dev/hot-reloader/app/hot-reloader-app.js:196
[ 3062527ms] [LOG] [Fast Refresh] done in 115ms @ webpack-internal:///(app-pages-browser)/./node_modules/next/dist/client/dev/report-hmr-latency.js:13
[ 3062708ms] [WARNING] Manifest: property 'start_url' ignored, should be same origin as document. @ http://localhost:3111/manifest.webmanifest:0
[ 3062708ms] [WARNING] Manifest: property 'id' ignored, should be same origin as document. @ http://localhost:3111/manifest.webmanifest:0
[ 3062708ms] [WARNING] Manifest: property 'scope' ignored. Start url should be within scope of scope URL. @ http://localhost:3111/manifest.webmanifest:0
