[     270ms] [LOG] [Fast Refresh] rebuilding @ webpack-internal:///(app-pages-browser)/./node_modules/next/dist/client/dev/hot-reloader/app/hot-reloader-app.js:196
[     621ms] [LOG] [Fast Refresh] done in 352ms @ webpack-internal:///(app-pages-browser)/./node_modules/next/dist/client/dev/report-hmr-latency.js:13
[     783ms] [WARNING] Manifest: property 'start_url' ignored, should be same origin as document. @ http://localhost:3111/manifest.webmanifest:0
[     783ms] [WARNING] Manifest: property 'id' ignored, should be same origin as document. @ http://localhost:3111/manifest.webmanifest:0
[     783ms] [WARNING] Manifest: property 'scope' ignored. Start url should be within scope of scope URL. @ http://localhost:3111/manifest.webmanifest:0
[     951ms] [INFO] %cDownload the React DevTools for a better development experience: https://react.dev/link/react-devtools font-weight:bold @ webpack-internal:///(app-pages-browser)/./node_modules/next/dist/compiled/react-dom/cjs/react-dom-client.development.js:25630
[   11184ms] [WARNING] Manifest: property 'start_url' ignored, should be same origin as document. @ http://localhost:3111/manifest.webmanifest:0
[   11184ms] [WARNING] Manifest: property 'id' ignored, should be same origin as document. @ http://localhost:3111/manifest.webmanifest:0
[   11184ms] [WARNING] Manifest: property 'scope' ignored. Start url should be within scope of scope URL. @ http://localhost:3111/manifest.webmanifest:0
[   31336ms] [WARNING] Manifest: property 'start_url' ignored, should be same origin as document. @ http://localhost:3111/manifest.webmanifest:0
[   31337ms] [WARNING] Manifest: property 'id' ignored, should be same origin as document. @ http://localhost:3111/manifest.webmanifest:0
[   31337ms] [WARNING] Manifest: property 'scope' ignored. Start url should be within scope of scope URL. @ http://localhost:3111/manifest.webmanifest:0
[   34339ms] [WARNING] The resource http://localhost:3111/_next/static/css/app/layout.css?v=1786556461838 was preloaded using link preload but not used within a few seconds from the window's load event. Please make sure it has an appropriate `as` value and it is preloaded intentionally. @ http://localhost:3111/leads?lead=cmsqdl97r000ebpocwgysqr1j:0
[   51877ms] [WARNING] Manifest: property 'start_url' ignored, should be same origin as document. @ http://localhost:3111/manifest.webmanifest:0
[   51877ms] [WARNING] Manifest: property 'id' ignored, should be same origin as document. @ http://localhost:3111/manifest.webmanifest:0
[   51877ms] [WARNING] Manifest: property 'scope' ignored. Start url should be within scope of scope URL. @ http://localhost:3111/manifest.webmanifest:0
[   58482ms] [WARNING] The resource http://localhost:3111/_next/static/css/app/layout.css?v=1786556461838 was preloaded using link preload but not used within a few seconds from the window's load event. Please make sure it has an appropriate `as` value and it is preloaded intentionally. @ http://localhost:3111/leads?lead=cmsqdlp19000hbpocqmby4tni:0
[  190853ms] [LOG] [Fast Refresh] rebuilding @ webpack-internal:///(app-pages-browser)/./node_modules/next/dist/client/dev/hot-reloader/app/hot-reloader-app.js:196
[  191294ms] [LOG] [Fast Refresh] done in 442ms @ webpack-internal:///(app-pages-browser)/./node_modules/next/dist/client/dev/report-hmr-latency.js:13
[  194296ms] [WARNING] The resource http://localhost:3111/_next/static/css/app/layout.css?v=1786556461838 was preloaded using link preload but not used within a few seconds from the window's load event. Please make sure it has an appropriate `as` value and it is preloaded intentionally. @ http://localhost:3111/leads?lead=cmsqdlp19000hbpocqmby4tni:0
[  229290ms] [LOG] [Fast Refresh] rebuilding @ webpack-internal:///(app-pages-browser)/./node_modules/next/dist/client/dev/hot-reloader/app/hot-reloader-app.js:196
[  229433ms] [LOG] [Fast Refresh] done in 143ms @ webpack-internal:///(app-pages-browser)/./node_modules/next/dist/client/dev/report-hmr-latency.js:13
[  229904ms] [LOG] [Fast Refresh] rebuilding @ webpack-internal:///(app-pages-browser)/./node_modules/next/dist/client/dev/hot-reloader/app/hot-reloader-app.js:196
[  230061ms] [LOG] [Fast Refresh] done in 157ms @ webpack-internal:///(app-pages-browser)/./node_modules/next/dist/client/dev/report-hmr-latency.js:13
[  233063ms] [WARNING] The resource http://localhost:3111/_next/static/css/app/layout.css?v=1786556461838 was preloaded using link preload but not used within a few seconds from the window's load event. Please make sure it has an appropriate `as` value and it is preloaded intentionally. @ http://localhost:3111/leads?lead=cmsqdlp19000hbpocqmby4tni:0
[  278725ms] [LOG] [Fast Refresh] rebuilding @ webpack-internal:///(app-pages-browser)/./node_modules/next/dist/client/dev/hot-reloader/app/hot-reloader-app.js:196
[  279012ms] [LOG] [Fast Refresh] done in 287ms @ webpack-internal:///(app-pages-browser)/./node_modules/next/dist/client/dev/report-hmr-latency.js:13
[  279400ms] [WARNING] Manifest: property 'start_url' ignored, should be same origin as document. @ http://localhost:3111/manifest.webmanifest:0
[  279400ms] [WARNING] Manifest: property 'id' ignored, should be same origin as document. @ http://localhost:3111/manifest.webmanifest:0
[  279400ms] [WARNING] Manifest: property 'scope' ignored. Start url should be within scope of scope URL. @ http://localhost:3111/manifest.webmanifest:0
[  282402ms] [WARNING] The resource http://localhost:3111/_next/static/css/app/layout.css?v=1786556461838 was preloaded using link preload but not used within a few seconds from the window's load event. Please make sure it has an appropriate `as` value and it is preloaded intentionally. @ http://localhost:3111/leads?lead=cmsqdlp19000hbpocqmby4tni:0
[  288024ms] [LOG] [Fast Refresh] rebuilding @ webpack-internal:///(app-pages-browser)/./node_modules/next/dist/client/dev/hot-reloader/app/hot-reloader-app.js:196
[  288112ms] [LOG] [Fast Refresh] done in 88ms @ webpack-internal:///(app-pages-browser)/./node_modules/next/dist/client/dev/report-hmr-latency.js:13
[  288280ms] [WARNING] Manifest: property 'start_url' ignored, should be same origin as document. @ http://localhost:3111/manifest.webmanifest:0
[  288280ms] [WARNING] Manifest: property 'id' ignored, should be same origin as document. @ http://localhost:3111/manifest.webmanifest:0
[  288280ms] [WARNING] Manifest: property 'scope' ignored. Start url should be within scope of scope URL. @ http://localhost:3111/manifest.webmanifest:0
[  291282ms] [WARNING] The resource http://localhost:3111/_next/static/css/app/layout.css?v=1786556461838 was preloaded using link preload but not used within a few seconds from the window's load event. Please make sure it has an appropriate `as` value and it is preloaded intentionally. @ http://localhost:3111/leads?lead=cmsqdlp19000hbpocqmby4tni:0
[  325408ms] [LOG] [Fast Refresh] rebuilding @ webpack-internal:///(app-pages-browser)/./node_modules/next/dist/client/dev/hot-reloader/app/hot-reloader-app.js:196
[  325507ms] [LOG] [Fast Refresh] done in 99ms @ webpack-internal:///(app-pages-browser)/./node_modules/next/dist/client/dev/report-hmr-latency.js:13
[  325619ms] [WARNING] Manifest: property 'start_url' ignored, should be same origin as document. @ http://localhost:3111/manifest.webmanifest:0
[  325619ms] [WARNING] Manifest: property 'id' ignored, should be same origin as document. @ http://localhost:3111/manifest.webmanifest:0
[  325619ms] [WARNING] Manifest: property 'scope' ignored. Start url should be within scope of scope URL. @ http://localhost:3111/manifest.webmanifest:0
[  328620ms] [WARNING] The resource http://localhost:3111/_next/static/css/app/layout.css?v=1786556461838 was preloaded using link preload but not used within a few seconds from the window's load event. Please make sure it has an appropriate `as` value and it is preloaded intentionally. @ http://localhost:3111/leads?lead=cmsqdlp19000hbpocqmby4tni:0
[  347109ms] [LOG] [Fast Refresh] rebuilding @ webpack-internal:///(app-pages-browser)/./node_modules/next/dist/client/dev/hot-reloader/app/hot-reloader-app.js:196
[  347645ms] [LOG] [Fast Refresh] done in 536ms @ webpack-internal:///(app-pages-browser)/./node_modules/next/dist/client/dev/report-hmr-latency.js:13
[  348119ms] [WARNING] Manifest: property 'start_url' ignored, should be same origin as document. @ http://localhost:3111/manifest.webmanifest:0
[  348119ms] [WARNING] Manifest: property 'id' ignored, should be same origin as document. @ http://localhost:3111/manifest.webmanifest:0
[  348119ms] [WARNING] Manifest: property 'scope' ignored. Start url should be within scope of scope URL. @ http://localhost:3111/manifest.webmanifest:0
[  351121ms] [WARNING] The resource http://localhost:3111/_next/static/css/app/layout.css?v=1786556461838 was preloaded using link preload but not used within a few seconds from the window's load event. Please make sure it has an appropriate `as` value and it is preloaded intentionally. @ http://localhost:3111/leads?lead=cmsqdlp19000hbpocqmby4tni:0
